config configs/config_pseudo_labels.yaml: block_holdout_eval={"R": 3, "alpha": 0.2, "beta": 0.8, "block_px": 512, "bootstraps": 2000, "crosscheck_sweep": "data/evidence/proxy/eval_sweep-mean12.json", "eps": 1e-07, "floors": "0.1,0.15,0.2,0.3,0.5", "folds": 4, "out": "data/evidence/block_holdout/block_stratified.json", "reference_floor": 0.1, "reference_width": 0, "seed": 0, "widths": "0,1,2,3,4,6,8,12,16,20"}

blocks: 512 px = 51.2 km; 26 of 56 scoreable (22 footprint-empty)
footprint: 3,814,996 px (31.07 % of the grid)
populations: catalogue 46,546 px (4,654.6 km) | proxy-only 41,473 px (4,147.3 km)

reference candidate floor0.1_w0px:
  proxy-only DTI 0.1428  block-bootstrap CI95 [0.1096, 0.1762]
  catalogue  DTI 0.1388  (in-domain - see the note in the JSON)
  worst single-block contrast +0.0000; 0 of 26 scoreable blocks gain
  best of the recoverable sweep: floor0.2_w0px 0.2410 (+0.0982); reference is best: False
  candidates swept 50, DISTINCT emissions 50 (floor axis degenerate: False)
  best genuinely different alternative: floor0.2_w0px 0.2410 (+0.0982), P(beats reference over block resamples) = 1.0, worst single block -0.3053
  prediction field: 3679611 distinct values, 3,812,011 emitted px, hard band False

  candidate                  proxy DTI   CI95 (block bootstrap)     P(>ref)  catalogue DTI
  floor0.1_w0px              0.1428      [0.1096, 0.1762]       ref    0.1388
  floor0.1_w1px              0.0821      [0.0610, 0.1048]      0.00   0.0809
  floor0.1_w2px              0.0739      [0.0546, 0.0952]      0.00   0.0735
  floor0.1_w3px              0.0711      [0.0524, 0.0918]      0.00   0.0714
  floor0.1_w4px              0.0693      [0.0510, 0.0899]      0.00   0.0702
  floor0.1_w6px              0.0664      [0.0486, 0.0862]      0.00   0.0681
  floor0.1_w8px              0.0640      [0.0467, 0.0833]      0.00   0.0664
  floor0.1_w12px             0.0603      [0.0436, 0.0789]      0.00   0.0637
  floor0.1_w16px             0.0574      [0.0413, 0.0754]      0.00   0.0615
  floor0.1_w20px             0.0551      [0.0395, 0.0725]      0.00   0.0596
  floor0.15_w0px             0.2091      [0.1665, 0.2493]      1.00   0.2005
  floor0.15_w1px             0.1023      [0.0769, 0.1290]      0.00   0.0996
  floor0.15_w2px             0.0814      [0.0602, 0.1042]      0.00   0.0793
  floor0.15_w3px             0.0755      [0.0556, 0.0971]      0.00   0.0742
  floor0.15_w4px             0.0729      [0.0536, 0.0941]      0.00   0.0723
  floor0.15_w6px             0.0691      [0.0507, 0.0895]      0.00   0.0695

  mean per-block sign agreement between the two populations: 0.972 (1.00 = they prefer the same candidate in the same block every time)
  largest population conflict: floor0.3_w0px gains on the new-fault-like proxy population in 8 of 25 blocks where both populations are scoreable while the catalogue population loses in the same block

wrote data/evidence/pseudo_labels/fold0_complement.json (1,239,126 bytes)
